[debug] [2026-08-13T16:48:58.202Z] ----------------------------------------------------------------------
[debug] [2026-08-13T16:48:58.232Z] Command:       C:\Program Files\nodejs\node.exe C:\Users\Deen\AppData\Roaming\npm\node_modules\firebase-tools\lib\bin\firebase.js projects:list
[debug] [2026-08-13T16:48:58.256Z] CLI Version:   15.20.0
[debug] [2026-08-13T16:48:58.262Z] Platform:      win32
[debug] [2026-08-13T16:48:58.263Z] Node Version:  v24.14.0
[debug] [2026-08-13T16:48:58.264Z] Time:          Thu Aug 13 2026 17:48:58 GMT+0100 (West Africa Time)
[debug] [2026-08-13T16:48:58.265Z] ----------------------------------------------------------------------
[debug] 
[debug] [2026-08-13T16:48:58.319Z] >>> [apiv2][query] GET https://firebase-public.firebaseio.com/cli.json [none]
[debug] [2026-08-13T16:49:02.603Z] > command requires scopes: ["email","openid","https://www.googleapis.com/auth/cloudplatformprojects.readonly","https://www.googleapis.com/auth/firebase","https://www.googleapis.com/auth/cloud-platform"]
[debug] [2026-08-13T16:49:02.611Z] > authorizing via signed-in user (dsanwoola@gmail.com)
[debug] [2026-08-13T16:49:02.634Z] Checked if tokens are valid: true, expires at: 1786640668061
[debug] [2026-08-13T16:49:02.635Z] Checked if tokens are valid: true, expires at: 1786640668061
[debug] [2026-08-13T16:49:02.638Z] >>> [apiv2][query] GET https://firebase.googleapis.com/v1beta1/projects pageSize=1000
[debug] [2026-08-13T16:49:13.932Z] *** [apiv2] error from fetch(https://firebase.googleapis.com/v1beta1/projects?pageSize=1000, {"headers":{},"method":"GET","signal":{"reason":""}}): FetchError: request to https://firebase.googleapis.com/v1beta1/projects?pageSize=1000 failed, reason: getaddrinfo ENOTFOUND firebase.googleapis.com
[debug] [2026-08-13T16:49:13.937Z] Failed to make request to https://firebase.googleapis.com/v1beta1/projects?pageSize=1000
[debug] [2026-08-13T16:49:13.955Z] FirebaseError: Failed to make request to https://firebase.googleapis.com/v1beta1/projects?pageSize=1000
    at RetryOperation._fn (C:\Users\Deen\AppData\Roaming\npm\node_modules\firebase-tools\lib\apiv2.js:282:31)
    at process.processTicksAndRejections (node:internal/process/task_queues:104:5)
[error] 
[error] Error: Failed to list Firebase projects. See firebase-debug.log for more info.
[debug] [2026-08-13T16:50:56.789Z] ----------------------------------------------------------------------
[debug] [2026-08-13T16:50:56.830Z] Command:       C:\Program Files\nodejs\node.exe C:\Users\Deen\AppData\Roaming\npm\node_modules\firebase-tools\lib\bin\firebase.js deploy
[debug] [2026-08-13T16:50:56.835Z] CLI Version:   15.20.0
[debug] [2026-08-13T16:50:56.836Z] Platform:      win32
[debug] [2026-08-13T16:50:56.838Z] Node Version:  v24.14.0
[debug] [2026-08-13T16:50:56.839Z] Time:          Thu Aug 13 2026 17:50:56 GMT+0100 (West Africa Time)
[debug] [2026-08-13T16:50:56.844Z] ----------------------------------------------------------------------
[debug] 
[debug] [2026-08-13T16:50:57.006Z] >>> [apiv2][query] GET https://firebase-public.firebaseio.com/cli.json [none]
[debug] [2026-08-13T16:53:23.696Z] > command requires scopes: ["email","openid","https://www.googleapis.com/auth/cloudplatformprojects.readonly","https://www.googleapis.com/auth/firebase","https://www.googleapis.com/auth/cloud-platform"]
[debug] [2026-08-13T16:53:23.701Z] > authorizing via signed-in user (dsanwoola@gmail.com)
[debug] [2026-08-13T16:53:23.702Z] [iam] checking project bank-statement-auditor for permissions ["cloudfunctions.functions.create","cloudfunctions.functions.delete","cloudfunctions.functions.get","cloudfunctions.functions.list","cloudfunctions.functions.update","cloudfunctions.operations.get","firebase.projects.get","firebasehosting.sites.update"]
[debug] [2026-08-13T16:53:23.727Z] Checked if tokens are valid: false, expires at: 1786640668061
[debug] [2026-08-13T16:53:23.728Z] Checked if tokens are valid: false, expires at: 1786640668061
[debug] [2026-08-13T16:53:23.730Z] > refreshing access token with scopes: []
[debug] [2026-08-13T16:53:23.784Z] >>> [apiv2][query] POST https://www.googleapis.com/oauth2/v3/token [none]
[debug] [2026-08-13T16:53:23.785Z] >>> [apiv2][body] POST https://www.googleapis.com/oauth2/v3/token [omitted]
[debug] [2026-08-13T16:53:23.922Z] *** [apiv2] error from fetch(https://firebase-public.firebaseio.com/cli.json, {"headers":{},"method":"GET"}): FetchError: request to https://firebase-public.firebaseio.com/cli.json failed, reason: getaddrinfo ENOTFOUND firebase-public.firebaseio.com
[warn] !  Unable to fetch the CLI MOTD and remote config. This is not a fatal error, but may indicate an issue with your network connection. 
[debug] [2026-08-13T16:53:23.927Z] Failed to fetch MOTD FirebaseError: Failed to make request to https://firebase-public.firebaseio.com/cli.json
[debug] [2026-08-13T16:53:23.938Z] *** [apiv2] error from fetch(https://www.googleapis.com/oauth2/v3/token, {"headers":{},"method":"POST","body":{"_overheadLength":545,"_valueLength":212,"_valuesToMeasure":[],"writable":false,"readable":true,"dataSize":0,"maxDataSize":2097152,"pauseStreams":true,"_released":true,"_streams":[],"_currentStream":null,"_insideLoop":false,"_pendingNext":false,"_boundary":"--------------------------138dcdefd53e3e9278ad8448","_events":{},"_eventsCount":1}}): FetchError: request to https://www.googleapis.com/oauth2/v3/token failed, reason: getaddrinfo ENOTFOUND www.googleapis.com
[error] Authentication Error: Your credentials are no longer valid. Please run firebase login --reauth

For CI servers and headless environments, generate a new token with firebase login:ci
[debug] [2026-08-13T16:53:23.942Z] [iam] error while checking permissions, command may fail: Authentication Error: Your credentials are no longer valid. Please run firebase login --reauth

For CI servers and headless environments, generate a new token with firebase login:ci
[debug] [2026-08-13T16:53:23.952Z] Checked if tokens are valid: false, expires at: 1786640668061
[debug] [2026-08-13T16:53:23.953Z] Checked if tokens are valid: false, expires at: 1786640668061
[debug] [2026-08-13T16:53:23.953Z] > refreshing access token with scopes: []
[debug] [2026-08-13T16:53:23.956Z] >>> [apiv2][query] POST https://www.googleapis.com/oauth2/v3/token [none]
[debug] [2026-08-13T16:53:23.957Z] >>> [apiv2][body] POST https://www.googleapis.com/oauth2/v3/token [omitted]
[debug] [2026-08-13T16:53:24.007Z] *** [apiv2] error from fetch(https://www.googleapis.com/oauth2/v3/token, {"headers":{},"method":"POST","body":{"_overheadLength":545,"_valueLength":212,"_valuesToMeasure":[],"writable":false,"readable":true,"dataSize":0,"maxDataSize":2097152,"pauseStreams":true,"_released":true,"_streams":[],"_currentStream":null,"_insideLoop":false,"_pendingNext":false,"_boundary":"--------------------------ddd7acd0327b3734dd5db4af","_events":{},"_eventsCount":1}}): FetchError: request to https://www.googleapis.com/oauth2/v3/token failed, reason: getaddrinfo ENOTFOUND www.googleapis.com
[error] Authentication Error: Your credentials are no longer valid. Please run firebase login --reauth

For CI servers and headless environments, generate a new token with firebase login:ci
[debug] [2026-08-13T16:53:24.009Z] [functions] service account IAM check errored, deploy may fail: Authentication Error: Your credentials are no longer valid. Please run firebase login --reauth

For CI servers and headless environments, generate a new token with firebase login:ci {"name":"FirebaseError","children":[],"exit":1,"message":"Authentication Error: Your credentials are no longer valid. Please run \u001b[1mfirebase login --reauth\u001b[22m\n\nFor CI servers and headless environments, generate a new token with \u001b[1mfirebase login:ci\u001b[22m","status":500}
[debug] [2026-08-13T16:53:24.027Z] Checked if tokens are valid: false, expires at: 1786640668061
[debug] [2026-08-13T16:53:24.028Z] Checked if tokens are valid: false, expires at: 1786640668061
[debug] [2026-08-13T16:53:24.028Z] > refreshing access token with scopes: []
[debug] [2026-08-13T16:53:24.030Z] >>> [apiv2][query] POST https://www.googleapis.com/oauth2/v3/token [none]
[debug] [2026-08-13T16:53:24.030Z] >>> [apiv2][body] POST https://www.googleapis.com/oauth2/v3/token [omitted]
[debug] [2026-08-13T16:53:24.051Z] *** [apiv2] error from fetch(https://www.googleapis.com/oauth2/v3/token, {"headers":{},"method":"POST","body":{"_overheadLength":545,"_valueLength":212,"_valuesToMeasure":[],"writable":false,"readable":true,"dataSize":0,"maxDataSize":2097152,"pauseStreams":true,"_released":true,"_streams":[],"_currentStream":null,"_insideLoop":false,"_pendingNext":false,"_boundary":"--------------------------efcb9cd528bf15f14ea8f982","_events":{},"_eventsCount":1}}): FetchError: request to https://www.googleapis.com/oauth2/v3/token failed, reason: getaddrinfo ENOTFOUND www.googleapis.com
[error] Authentication Error: Your credentials are no longer valid. Please run firebase login --reauth

For CI servers and headless environments, generate a new token with firebase login:ci
[debug] [2026-08-13T16:53:24.052Z] Authentication Error: Your credentials are no longer valid. Please run firebase login --reauth

For CI servers and headless environments, generate a new token with firebase login:ci
[error] 
[error] Error: Assertion failed: resolving hosting target of a site with no site name or target name. This should have caused an error earlier
